C51 COMPILER V9.01   MAIN                                                                  07/05/2018 15:01:42 PAGE 1   


C51 COMPILER V9.01, COMPILATION OF MODULE MAIN
OBJECT MODULE PLACED IN .\Output\main.obj
COMPILER INVOKED BY: C:\Keil\C51\BIN\C51.EXE Code\main.c BROWSE INCDIR(..\Include) DEFINE(FOSC_160000) DEBUG OBJECTEXTEN
                    -D PRINT(.\LST\main.lst) OBJECT(.\Output\main.obj)

line level    source

   1           //*******************************************************************************************************
             -****
   2          //  File Function: LORA Ra01 transmit using N76E003 SPI in Master mode 
   3          //      HTTU - 2018
   4          // ref: N76E003_BSP_Keil_C51_V1.0.5
   5          //********************************************************************************************************
             -***
   6          #include "N76E003.h"
   7          #include "SFR_Macro.h"
   8          #include "Function_define.h"
   9          #include "Common.h"
  10          #include "Delay.h"
  11          
  12          //********************************************************************************************************
             -***
  13          #include "main.h"
  14          void SPI_Initial(void);
  15          uint8_t singleTransfer(uint8_t address, uint8_t value);
  16          uint8_t readRegister(uint8_t address);
  17          void writeRegister(uint8_t address, uint8_t value);
  18          
  19          void main()
  20          {
  21   1              Set_All_GPIO_Quasi_Mode;
  22   1              SPI_Initial();
  23   1      
  24   1      
  25   1      }
  26          ///*********************spi init
  27          void SPI_Initial(void)
  28          {      
  29   1              P15_Quasi_Mode;                                                                                                         // P15 (SS) Quasi mode
  30   1              P10_Quasi_Mode;                                                                                                         // P10(SPCLK) Quasi mode
  31   1              P00_Quasi_Mode;                                                                                                         // P00 (MOSI) Quasi mode
  32   1          P01_Quasi_Mode;                                                                                                             // P22 (MISO) Quasi mode
  33   1          
  34   1          set_DISMODF;                                // SS General purpose I/O ( No Mode Fault ) 
  35   1          clr_SSOE;
  36   1         
  37   1          clr_LSBFE;                                  // MSB first         
  38   1      
  39   1          clr_CPOL;                                   // The SPI clock is low in idle mode
  40   1          set_CPHA;                                   // The data is sample on the second edge of SPI clock 
  41   1          
  42   1          set_MSTR;                                   // SPI in Master mode 
  43   1          SPICLK_DIV16;                                               // Select SPI clock 
  44   1          set_SPIEN;                                  // Enable SPI function 
  45   1          clr_SPIF;
  46   1      }
  47          //read lora register.
  48          uint8_t readRegister(uint8_t address)
  49          {
  50   1        return singleTransfer(address & 0x7f, 0x00);
  51   1      }
C51 COMPILER V9.01   MAIN                                                                  07/05/2018 15:01:42 PAGE 2   

  52          //********************************************************************************************************
             -*******
  53          void writeRegister(uint8_t address, uint8_t value)
  54          {
  55   1        singleTransfer(address | 0x80, value);
  56   1      }
  57          //**************************************
  58          uint8_t singleTransfer(uint8_t address, uint8_t value)
  59          {
  60   1        uint8_t response;
  61   1        clr_SPIF;
  62   1        SPDR=address;
  63   1        
  64   1      
  65   1        return response;
  66   1      }
*** WARNING C280 IN LINE 58 OF CODE\MAIN.C: 'value': unreferenced local variable


MODULE INFORMATION:   STATIC OVERLAYABLE
   CODE SIZE        =     98    ----
   CONSTANT SIZE    =   ----    ----
   XDATA SIZE       =   ----    ----
   PDATA SIZE       =   ----    ----
   DATA SIZE        =   ----       2
   IDATA SIZE       =   ----    ----
   BIT SIZE         =   ----    ----
END OF MODULE INFORMATION.


C51 COMPILATION COMPLETE.  1 WARNING(S),  0 ERROR(S)
